error: line 3 column 10 to line 3 column 19:
  "Unsupported sort declaration"
