error: line 3 column 0 to line 5 column 0:
  "Unsupported SDF 2 section"
