error: line 12 column 32 to line 12 column 32:
  "Only one `sx-namespace' attribute allowed"
