error: line 4 column 14 to line 4 column 24:
  "Several cons attributes are not allowed"
